// Jest Snapshot v1, https://goo.gl/fbAQLP

exports[`Check that the add new entry page is rendered and elements are displayed and updateable. Checks to see if the Home page renders 1`] = `
<View
  accessibilityIgnoresInvertColors={true}
  style={
    Object {
      "height": "100%",
      "opacity": 50,
      "width": "100%",
    }
  }
>
  <Image
    source={
      Object {
        "testUri": "../../../src/resources/img/background.png",
      }
    }
    style={
      Array [
        Object {
          "bottom": 0,
          "left": 0,
          "position": "absolute",
          "right": 0,
          "top": 0,
        },
        Object {
          "height": "100%",
          "width": "100%",
        },
        undefined,
      ]
    }
  />
  <View
    style={
      Object {
        "flex": 1,
        "justifyContent": "center",
      }
    }
  >
    <View
      style={
        Object {
          "backgroundColor": "#FFFFFF",
          "borderRadius": 25,
          "margin": 20,
          "padding": 10,
        }
      }
    >
      <RCTScrollView>
        <View>
          <Text
            style={
              Object {
                "color": "#000000",
                "fontSize": 20,
                "fontWeight": "bold",
              }
            }
          >
            How are you feeling today?
          </Text>
          <View
            style={
              Object {
                "flexDirection": "row",
                "paddingBottom": 50,
              }
            }
          >
            <View
              accessible={true}
              focusable={true}
              onClick={[Function]}
              onResponderGrant={[Function]}
              onResponderMove={[Function]}
              onResponderRelease={[Function]}
              onResponderTerminate={[Function]}
              onResponderTerminationRequest={[Function]}
              onStartShouldSetResponder={[Function]}
              style={
                Object {
                  "marginLeft": 5,
                  "marginTop": 10,
                  "opacity": 1,
                  "paddingLeft": 10,
                  "textAlign": "center",
                }
              }
            >
              <Image
                source={
                  Object {
                    "testUri": "../../../src/resources/img/faces/angry.png",
                  }
                }
                style={
                  Object {
                    "alignItems": "center",
                    "height": 50,
                    "marginTop": 10,
                    "width": 66,
                  }
                }
                testID="angry"
              />
              <Text>
                Angry
              </Text>
            </View>
            <View
              accessible={true}
              focusable={true}
              onClick={[Function]}
              onResponderGrant={[Function]}
              onResponderMove={[Function]}
              onResponderRelease={[Function]}
              onResponderTerminate={[Function]}
              onResponderTerminationRequest={[Function]}
              onStartShouldSetResponder={[Function]}
              style={
                Object {
                  "marginLeft": 5,
                  "marginTop": 10,
                  "opacity": 1,
                  "paddingLeft": 10,
                  "textAlign": "center",
                }
              }
            >
              <Image
                source={
                  Object {
                    "testUri": "../../../src/resources/img/faces/sad.png",
                  }
                }
                style={
                  Object {
                    "alignItems": "center",
                    "height": 50,
                    "marginTop": 10,
                    "width": 66,
                  }
                }
                testID="sad"
              />
              <Text>
                Sad
              </Text>
            </View>
            <View
              accessible={true}
              focusable={true}
              onClick={[Function]}
              onResponderGrant={[Function]}
              onResponderMove={[Function]}
              onResponderRelease={[Function]}
              onResponderTerminate={[Function]}
              onResponderTerminationRequest={[Function]}
              onStartShouldSetResponder={[Function]}
              style={
                Object {
                  "marginLeft": 5,
                  "marginTop": 10,
                  "opacity": 1,
                  "paddingLeft": 10,
                  "textAlign": "center",
                }
              }
            >
              <Image
                source={
                  Object {
                    "testUri": "../../../src/resources/img/faces/meh.png",
                  }
                }
                style={
                  Object {
                    "alignItems": "center",
                    "height": 50,
                    "marginTop": 10,
                    "width": 66,
                  }
                }
                testID="meh"
              />
              <Text>
                Meh
              </Text>
            </View>
            <View
              accessible={true}
              focusable={true}
              onClick={[Function]}
              onResponderGrant={[Function]}
              onResponderMove={[Function]}
              onResponderRelease={[Function]}
              onResponderTerminate={[Function]}
              onResponderTerminationRequest={[Function]}
              onStartShouldSetResponder={[Function]}
              style={
                Object {
                  "marginLeft": 5,
                  "marginTop": 10,
                  "opacity": 1,
                  "paddingLeft": 10,
                  "textAlign": "center",
                }
              }
            >
              <Image
                source={
                  Object {
                    "testUri": "../../../src/resources/img/faces/happy.png",
                  }
                }
                style={
                  Object {
                    "alignItems": "center",
                    "height": 50,
                    "marginTop": 10,
                    "width": 66,
                  }
                }
                testID="happy"
              />
              <Text>
                Happy
              </Text>
            </View>
          </View>
          <View>
            <Text
              style={
                Object {
                  "color": "#000000",
                  "fontSize": 16,
                  "fontStyle": "italic",
                  "fontWeight": "bold",
                }
              }
            >
              Any comments for the day? 
            </Text>
            <TextInput
              multiline={true}
              numberOfLines={10}
              onChangeText={[Function]}
              placeholder="Feel free to dump as much or as little information in here as you want. We wont judge you. We promise! "
              style={
                Object {
                  "backgroundColor": "#ebebeb",
                  "borderRadius": 10,
                  "height": 150,
                  "marginBottom": 20,
                  "marginTop": 5,
                  "maxHeight": 250,
                }
              }
              testID="journalInput"
              value=""
            />
            <Text
              style={
                Object {
                  "color": "#000000",
                  "fontSize": 16,
                  "fontStyle": "italic",
                  "fontWeight": "bold",
                }
              }
            >
              Obsession of the day?
            </Text>
            <TextInput
              multiline={true}
              numberOfLines={1}
              onChangeText={[Function]}
              placeholder="Enter your random obsession here!"
              style={
                Object {
                  "backgroundColor": "#ebebeb",
                  "borderRadius": 10,
                  "height": 40,
                  "marginBottom": 20,
                  "marginTop": 5,
                  "maxHeight": 40,
                }
              }
              testID="obsessionInput"
              value=""
            />
            <Text
              style={
                Object {
                  "color": "#000000",
                  "fontSize": 16,
                  "fontWeight": "bold",
                }
              }
              testID="dateID"
            >
              Todays Date: 
              January 9, 2022
            </Text>
            <View
              style={
                Object {
                  "alignItems": "center",
                  "justifyContent": "center",
                  "paddingTop": 20,
                  "textAlign": "center",
                }
              }
            >
              <View
                accessibilityLabel="Submit Button"
                accessible={true}
                focusable={true}
                onClick={[Function]}
                onResponderGrant={[Function]}
                onResponderMove={[Function]}
                onResponderRelease={[Function]}
                onResponderTerminate={[Function]}
                onResponderTerminationRequest={[Function]}
                onStartShouldSetResponder={[Function]}
                style={
                  Object {
                    "alignItems": "center",
                    "backgroundColor": "#00e676",
                    "borderRadius": 15,
                    "justifyContent": "center",
                    "opacity": 1,
                    "padding": 15,
                    "width": 150,
                  }
                }
                testID="submitBTN"
              >
                <Text
                  style={
                    Object {
                      "color": "#000000",
                      "fontSize": 18,
                      "fontWeight": "bold",
                      "textAlign": "center",
                    }
                  }
                >
                  Submit
                </Text>
              </View>
            </View>
          </View>
        </View>
      </RCTScrollView>
    </View>
  </View>
</View>
`;
