// Jest Snapshot v1, https://goo.gl/fbAQLP

exports[`Checks to see if the View Single Entry Page renders 1`] = `
<View
  accessibilityIgnoresInvertColors={true}
  style={
    Object {
      "height": "100%",
      "opacity": 50,
      "width": "100%",
    }
  }
>
  <Image
    source={
      Object {
        "testUri": "../../../src/resources/img/background.png",
      }
    }
    style={
      Array [
        Object {
          "bottom": 0,
          "left": 0,
          "position": "absolute",
          "right": 0,
          "top": 0,
        },
        Object {
          "height": "100%",
          "width": "100%",
        },
        undefined,
      ]
    }
  />
  <View
    style={
      Object {
        "backgroundColor": "#FFFFFF",
        "borderRadius": 25,
        "margin": 20,
        "padding": 10,
      }
    }
  >
    <RCTScrollView>
      <View>
        <Text
          style={
            Object {
              "color": "#000000",
              "fontSize": 18,
              "fontWeight": "bold",
              "padding": 15,
            }
          }
        >
          Date of Entry: 
          
           
        </Text>
        <Text
          style={
            Object {
              "color": "#000000",
              "fontSize": 20,
              "fontWeight": "bold",
            }
          }
        >
          How you were feeling: 
        </Text>
        <View
          style={
            Object {
              "flexDirection": "row",
              "paddingBottom": 50,
            }
          }
        >
          <View
            style={
              Object {
                "marginLeft": 5,
                "marginTop": 10,
                "paddingLeft": 10,
                "textAlign": "center",
              }
            }
          >
            <Image
              source={
                Object {
                  "testUri": "../../../src/resources/img/faces/angry.png",
                }
              }
              style={
                Object {
                  "alignItems": "center",
                  "height": 50,
                  "marginTop": 10,
                  "width": 66,
                }
              }
            />
            <Text>
              Angry
            </Text>
          </View>
          <View
            style={
              Object {
                "marginLeft": 5,
                "marginTop": 10,
                "paddingLeft": 10,
                "textAlign": "center",
              }
            }
          >
            <Image
              source={
                Object {
                  "testUri": "../../../src/resources/img/faces/sad.png",
                }
              }
              style={
                Object {
                  "alignItems": "center",
                  "height": 50,
                  "marginTop": 10,
                  "width": 66,
                }
              }
            />
            <Text>
              Sad
            </Text>
          </View>
          <View
            style={
              Object {
                "marginLeft": 5,
                "marginTop": 10,
                "paddingLeft": 10,
                "textAlign": "center",
              }
            }
          >
            <Image
              source={
                Object {
                  "testUri": "../../../src/resources/img/faces/meh.png",
                }
              }
              style={
                Object {
                  "alignItems": "center",
                  "height": 50,
                  "marginTop": 10,
                  "width": 66,
                }
              }
            />
            <Text>
              Meh
            </Text>
          </View>
          <View
            style={
              Object {
                "marginLeft": 5,
                "marginTop": 10,
                "paddingLeft": 10,
                "textAlign": "center",
              }
            }
          >
            <Image
              source={
                Object {
                  "testUri": "../../../src/resources/img/faces/happy.png",
                }
              }
              style={
                Object {
                  "alignItems": "center",
                  "height": 50,
                  "marginTop": 10,
                  "width": 66,
                }
              }
            />
            <Text>
              Happy
            </Text>
          </View>
        </View>
        <Text
          style={
            Array [
              Object {
                "textAlign": "center",
              },
              Object {
                "color": "#f90505",
              },
            ]
          }
        >
          You were feeling: 
          
        </Text>
        <View>
          <Text
            style={
              Object {
                "color": "#000000",
                "fontSize": 16,
                "fontStyle": "italic",
                "fontWeight": "bold",
              }
            }
          >
            Your comments for the day: 
          </Text>
          <TextInput
            editable={false}
            multiline={true}
            numberOfLines={5}
            placeholder="Feel free to dump as much or as little information in here as you want. We wont judge you at all. We promise! "
            style={
              Object {
                "backgroundColor": "#ebebeb",
                "borderRadius": 10,
                "height": 150,
                "marginBottom": 20,
                "marginTop": 5,
                "maxHeight": 250,
              }
            }
            value=""
          />
          <Text
            style={
              Object {
                "color": "#000000",
                "fontSize": 16,
                "fontStyle": "italic",
                "fontWeight": "bold",
              }
            }
          >
            Obsession of the day?
          </Text>
          <TextInput
            multiline={true}
            numberOfLines={1}
            placeholder="Enter your random obsession here!"
            style={
              Object {
                "backgroundColor": "#ebebeb",
                "borderRadius": 10,
                "height": 40,
                "marginBottom": 20,
                "marginTop": 5,
                "maxHeight": 40,
              }
            }
            value=""
          />
          <View
            style={
              Object {
                "alignItems": "center",
                "justifyContent": "center",
                "textAlign": "center",
              }
            }
          >
            <View
              accessible={true}
              collapsable={false}
              focusable={false}
              nativeID="animatedComponent"
              onClick={[Function]}
              onResponderGrant={[Function]}
              onResponderMove={[Function]}
              onResponderRelease={[Function]}
              onResponderTerminate={[Function]}
              onResponderTerminationRequest={[Function]}
              onStartShouldSetResponder={[Function]}
              style={
                Object {
                  "alignItems": "center",
                  "backgroundColor": "orange",
                  "borderRadius": 15,
                  "justifyContent": "center",
                  "opacity": 1,
                  "padding": 15,
                  "width": 150,
                }
              }
            >
              <Text
                style={
                  Object {
                    "color": "#000000",
                    "fontSize": 18,
                    "fontWeight": "bold",
                    "textAlign": "center",
                  }
                }
              >
                Return to Entries
              </Text>
            </View>
          </View>
        </View>
      </View>
    </RCTScrollView>
  </View>
</View>
`;
