// Jest Snapshot v1, https://goo.gl/fbAQLP

exports[`Checks to see if the Settings page renders 1`] = `
<View
  accessibilityIgnoresInvertColors={true}
  style={
    Object {
      "height": "100%",
      "opacity": 50,
      "width": "100%",
    }
  }
>
  <Image
    source={
      Object {
        "testUri": "../../../src/resources/img/background.png",
      }
    }
    style={
      Array [
        Object {
          "bottom": 0,
          "left": 0,
          "position": "absolute",
          "right": 0,
          "top": 0,
        },
        Object {
          "height": "100%",
          "width": "100%",
        },
        undefined,
      ]
    }
  />
  <View
    style={
      Object {
        "backgroundColor": "#FFFFFF",
        "borderRadius": 25,
        "height": 988.148148148148,
        "margin": 20,
        "padding": 10,
      }
    }
  >
    <View
      accessible={true}
      collapsable={false}
      focusable={false}
      nativeID="animatedComponent"
      onClick={[Function]}
      onResponderGrant={[Function]}
      onResponderMove={[Function]}
      onResponderRelease={[Function]}
      onResponderTerminate={[Function]}
      onResponderTerminationRequest={[Function]}
      onStartShouldSetResponder={[Function]}
      style={
        Object {
          "alignSelf": "flex-start",
          "opacity": 1,
          "paddingBottom": 10,
          "paddingTop": 10,
        }
      }
    >
      <Text
        style={
          Array [
            Object {
              "color": "#000000",
              "fontSize": 16,
              "fontWeight": "bold",
              "textAlign": "center",
            },
            Object {
              "color": "#448aff",
            },
          ]
        }
      >
         
        &gt;
         Return Home
      </Text>
    </View>
    <RCTScrollView>
      <View>
        <Text
          style={
            Object {
              "color": "#000000",
              "fontSize": 16,
              "fontWeight": "bold",
              "paddingTop": 15,
            }
          }
        >
          Profile Picture:
        </Text>
        <Text
          style={
            Object {
              "color": "#000000",
              "fontSize": 14,
              "paddingBottom": 10,
            }
          }
        >
          Select a picture from your library or take a picture:
        </Text>
        <View
          accessible={true}
          collapsable={false}
          focusable={true}
          nativeID="animatedComponent"
          onClick={[Function]}
          onResponderGrant={[Function]}
          onResponderMove={[Function]}
          onResponderRelease={[Function]}
          onResponderTerminate={[Function]}
          onResponderTerminationRequest={[Function]}
          onStartShouldSetResponder={[Function]}
          style={
            Object {
              "alignItems": "center",
              "alignSelf": "center",
              "backgroundColor": "#00e676",
              "borderRadius": 15,
              "justifyContent": "center",
              "marginBottom": 5,
              "marginTop": 5,
              "opacity": 1,
              "padding": 10,
              "width": 250,
            }
          }
        >
          <Text
            style={
              Object {
                "color": "#000000",
                "fontSize": 16,
                "fontWeight": "bold",
                "textAlign": "center",
              }
            }
          >
            Take a picture
          </Text>
        </View>
        <View
          accessible={true}
          collapsable={false}
          focusable={true}
          nativeID="animatedComponent"
          onClick={[Function]}
          onResponderGrant={[Function]}
          onResponderMove={[Function]}
          onResponderRelease={[Function]}
          onResponderTerminate={[Function]}
          onResponderTerminationRequest={[Function]}
          onStartShouldSetResponder={[Function]}
          style={
            Object {
              "alignItems": "center",
              "alignSelf": "center",
              "backgroundColor": "#00e676",
              "borderRadius": 15,
              "justifyContent": "center",
              "marginBottom": 5,
              "marginTop": 5,
              "opacity": 1,
              "padding": 10,
              "width": 250,
            }
          }
        >
          <Text
            style={
              Object {
                "color": "#000000",
                "fontSize": 16,
                "fontWeight": "bold",
                "textAlign": "center",
              }
            }
          >
            Select a profile picture
          </Text>
        </View>
        <View>
          <View
            accessible={true}
            collapsable={false}
            focusable={true}
            nativeID="animatedComponent"
            onClick={[Function]}
            onResponderGrant={[Function]}
            onResponderMove={[Function]}
            onResponderRelease={[Function]}
            onResponderTerminate={[Function]}
            onResponderTerminationRequest={[Function]}
            onStartShouldSetResponder={[Function]}
            style={
              Object {
                "alignItems": "center",
                "alignSelf": "center",
                "backgroundColor": "#00e676",
                "borderRadius": 15,
                "justifyContent": "center",
                "marginBottom": 5,
                "marginTop": 5,
                "opacity": 1,
                "padding": 10,
                "width": 250,
              }
            }
          >
            <Text
              style={
                Object {
                  "color": "#000000",
                  "fontSize": 16,
                  "fontWeight": "bold",
                  "textAlign": "center",
                }
              }
            >
              Upload Image
            </Text>
          </View>
        </View>
        <Text
          style={
            Object {
              "color": "#000000",
              "fontSize": 16,
              "fontWeight": "bold",
              "paddingTop": 15,
            }
          }
        >
          Other Settings:
        </Text>
        <View
          accessible={true}
          collapsable={false}
          focusable={false}
          nativeID="animatedComponent"
          onClick={[Function]}
          onResponderGrant={[Function]}
          onResponderMove={[Function]}
          onResponderRelease={[Function]}
          onResponderTerminate={[Function]}
          onResponderTerminationRequest={[Function]}
          onStartShouldSetResponder={[Function]}
          style={
            Object {
              "alignItems": "center",
              "alignSelf": "center",
              "backgroundColor": "#f57367",
              "borderRadius": 15,
              "justifyContent": "center",
              "marginTop": 10,
              "opacity": 1,
              "padding": 15,
              "width": 250,
            }
          }
        >
          <Text
            style={
              Object {
                "color": "#000000",
                "fontSize": 16,
                "fontWeight": "bold",
                "textAlign": "center",
              }
            }
          >
            Logout
          </Text>
        </View>
        <View>
          <View
            accessible={true}
            collapsable={false}
            focusable={true}
            nativeID="animatedComponent"
            onClick={[Function]}
            onResponderGrant={[Function]}
            onResponderMove={[Function]}
            onResponderRelease={[Function]}
            onResponderTerminate={[Function]}
            onResponderTerminationRequest={[Function]}
            onStartShouldSetResponder={[Function]}
            style={
              Object {
                "opacity": 1,
              }
            }
          >
            <Text
              style={
                Object {
                  "color": "#bababa",
                  "paddingTop": 30,
                  "textAlign": "center",
                }
              }
            >
              Inspirational quotes provided by: 
            </Text>
            <Text
              onPress={[Function]}
              style={
                Object {
                  "color": "blue",
                  "textAlign": "center",
                  "textDecorationLine": "underline",
                }
              }
            >
              ZenQuotes API
            </Text>
          </View>
          <Text
            style={
              Object {
                "color": "#bababa",
                "paddingTop": 30,
                "textAlign": "center",
              }
            }
          >
             LifeTree v1.1.0 2021
          </Text>
        </View>
      </View>
    </RCTScrollView>
  </View>
</View>
`;
