// Jest Snapshot v1, https://goo.gl/fbAQLP

exports[`Testing that home component is rendered and can press on settings, learn more and daily streak Checks to see if the Home page renders 1`] = `
<View
  accessibilityIgnoresInvertColors={true}
  style={
    Object {
      "height": "100%",
      "opacity": 50,
      "width": "100%",
    }
  }
>
  <Image
    source={
      Object {
        "testUri": "../../../src/resources/img/background.png",
      }
    }
    style={
      Array [
        Object {
          "bottom": 0,
          "left": 0,
          "position": "absolute",
          "right": 0,
          "top": 0,
        },
        Object {
          "height": "100%",
          "width": "100%",
        },
        undefined,
      ]
    }
  />
  <Modal
    animationType="none"
    hardwareAccelerated={false}
    onRequestClose={[Function]}
    statusBarTranslucent={true}
    supportedOrientations={
      Array [
        "landscape",
        "portrait",
      ]
    }
    transparent={true}
    visible={true}
  >
    <View
      style={
        Array [
          Object {
            "backgroundColor": "transparent",
            "bottom": 0,
            "flex": 1,
            "left": 0,
            "position": "absolute",
            "right": 0,
            "top": 0,
          },
          Object {
            "backgroundColor": "rgba(0, 0, 0, 0.25)",
          },
        ]
      }
    >
      <View
        style={
          Object {
            "alignItems": "center",
            "bottom": 0,
            "justifyContent": "center",
            "left": 0,
            "position": "absolute",
            "right": 0,
            "top": 0,
          }
        }
      >
        <ActivityIndicator
          color="white"
          size="large"
          style={
            Array [
              Object {
                "flex": 1,
              },
              Object {},
            ]
          }
        />
        <View
          style={
            Array [
              Object {
                "alignItems": "center",
                "bottom": 0,
                "flex": 1,
                "justifyContent": "center",
                "left": 0,
                "position": "absolute",
                "right": 0,
                "top": 0,
              },
              Object {},
            ]
          }
        >
          <Text
            style={
              Array [
                Object {
                  "fontSize": 20,
                  "fontWeight": "bold",
                  "height": 50,
                  "top": 80,
                },
                Object {
                  "color": "#FFFFFF",
                },
              ]
            }
          >
            Loading...
          </Text>
        </View>
      </View>
    </View>
  </Modal>
</View>
`;

exports[`Testing that home component is rendered and can press on settings, learn more and daily streak Checks to see if the Home page renders in loading state 1`] = `
<View
  accessibilityIgnoresInvertColors={true}
  style={
    Object {
      "height": "100%",
      "opacity": 50,
      "width": "100%",
    }
  }
>
  <Image
    source={
      Object {
        "testUri": "../../../src/resources/img/background.png",
      }
    }
    style={
      Array [
        Object {
          "bottom": 0,
          "left": 0,
          "position": "absolute",
          "right": 0,
          "top": 0,
        },
        Object {
          "height": "100%",
          "width": "100%",
        },
        undefined,
      ]
    }
  />
  <Modal
    animationType="none"
    hardwareAccelerated={false}
    onRequestClose={[Function]}
    statusBarTranslucent={true}
    supportedOrientations={
      Array [
        "landscape",
        "portrait",
      ]
    }
    transparent={true}
    visible={true}
  >
    <View
      style={
        Array [
          Object {
            "backgroundColor": "transparent",
            "bottom": 0,
            "flex": 1,
            "left": 0,
            "position": "absolute",
            "right": 0,
            "top": 0,
          },
          Object {
            "backgroundColor": "rgba(0, 0, 0, 0.25)",
          },
        ]
      }
    >
      <View
        style={
          Object {
            "alignItems": "center",
            "bottom": 0,
            "justifyContent": "center",
            "left": 0,
            "position": "absolute",
            "right": 0,
            "top": 0,
          }
        }
      >
        <ActivityIndicator
          color="white"
          size="large"
          style={
            Array [
              Object {
                "flex": 1,
              },
              Object {},
            ]
          }
        />
        <View
          style={
            Array [
              Object {
                "alignItems": "center",
                "bottom": 0,
                "flex": 1,
                "justifyContent": "center",
                "left": 0,
                "position": "absolute",
                "right": 0,
                "top": 0,
              },
              Object {},
            ]
          }
        >
          <Text
            style={
              Array [
                Object {
                  "fontSize": 20,
                  "fontWeight": "bold",
                  "height": 50,
                  "top": 80,
                },
                Object {
                  "color": "#FFFFFF",
                },
              ]
            }
          >
            Loading...
          </Text>
        </View>
      </View>
    </View>
  </Modal>
</View>
`;

exports[`Testing that home component is rendered and can press on settings, learn more and daily streak Checks to see if the Home page renders with default user 1`] = `
<View
  accessibilityIgnoresInvertColors={true}
  style={
    Object {
      "height": "100%",
      "opacity": 50,
      "width": "100%",
    }
  }
>
  <Image
    source={
      Object {
        "testUri": "../../../src/resources/img/background.png",
      }
    }
    style={
      Array [
        Object {
          "bottom": 0,
          "left": 0,
          "position": "absolute",
          "right": 0,
          "top": 0,
        },
        Object {
          "height": "100%",
          "width": "100%",
        },
        undefined,
      ]
    }
  />
  <Modal
    animationType="none"
    hardwareAccelerated={false}
    onRequestClose={[Function]}
    statusBarTranslucent={true}
    supportedOrientations={
      Array [
        "landscape",
        "portrait",
      ]
    }
    transparent={true}
    visible={true}
  >
    <View
      style={
        Array [
          Object {
            "backgroundColor": "transparent",
            "bottom": 0,
            "flex": 1,
            "left": 0,
            "position": "absolute",
            "right": 0,
            "top": 0,
          },
          Object {
            "backgroundColor": "rgba(0, 0, 0, 0.25)",
          },
        ]
      }
    >
      <View
        style={
          Object {
            "alignItems": "center",
            "bottom": 0,
            "justifyContent": "center",
            "left": 0,
            "position": "absolute",
            "right": 0,
            "top": 0,
          }
        }
      >
        <ActivityIndicator
          color="white"
          size="large"
          style={
            Array [
              Object {
                "flex": 1,
              },
              Object {},
            ]
          }
        />
        <View
          style={
            Array [
              Object {
                "alignItems": "center",
                "bottom": 0,
                "flex": 1,
                "justifyContent": "center",
                "left": 0,
                "position": "absolute",
                "right": 0,
                "top": 0,
              },
              Object {},
            ]
          }
        >
          <Text
            style={
              Array [
                Object {
                  "fontSize": 20,
                  "fontWeight": "bold",
                  "height": 50,
                  "top": 80,
                },
                Object {
                  "color": "#FFFFFF",
                },
              ]
            }
          >
            Loading...
          </Text>
        </View>
      </View>
    </View>
  </Modal>
</View>
`;
